[2026-08-08T22:40:22.112Z] GET https://silkgoddess.in/products.json?limit=250 → pending (?ms, ?B)
[2026-08-08T22:40:23.936Z] GET https://maxcdn.bootstrapcdn.com/bootstrap/3.3.7/css/bootstrap.min.css → pending (?ms, ?B)
[2026-08-08T22:40:23.936Z] GET https://fonts.googleapis.com/css?family=DM+Sans:300,300i,400,400i,600,600i,700,700i,800,800i → pending (?ms, ?B)
[2026-08-08T22:40:23.936Z] GET https://fonts.googleapis.com/css?family=Roboto:300,300i,400,400i,600,600i,700,700i,800,800i → pending (?ms, ?B)
[2026-08-08T22:40:23.938Z] GET https://www.googletagmanager.com/gtag/js?id=G-9Q6H0QETRF&cx=c&_slc=1 → pending (?ms, ?B)
[2026-08-08T22:40:23.938Z] GET https://www.google-analytics.com/analytics.js → pending (?ms, ?B)
[2026-08-08T22:40:23.938Z] GET https://silkgoddess.in/htdocs_error/page_not_found.svg → 200 (609ms, ?B)
[2026-08-08T22:40:25.619Z] GET https://td.doubleclick.net/td/ga/rul?tid=G-9Q6H0QETRF&gacid=1669583486.1744709463&gtm=45je54b0v9125959112za200&dma=1&dma_cps=syphamo&gcd=13l3lPl2l2l1&npa=0&pscdl=noapi&aip=1&fledge=1&frm=0&tag_exp=102509683~102803279~102813109~102887800~102926062~103021830~103027016~103051953~103055465~103077950&z=2108504389 → pending (?ms, ?B)
[2026-08-08T22:40:25.736Z] GET https://fonts.gstatic.com/s/dmsans/v17/rP2Yp2ywxg089UriI5-g4vlH9VoD8Cmcqbu0-K4.woff2 → pending (?ms, ?B)
[2026-08-08T22:40:27.135Z] GET https://www.google.com/images/branding/googlelogo/1x/googlelogo_color_150x54dp.png → pending (?ms, ?B)
[2026-08-08T22:40:27.381Z] POST https://www.google-analytics.com/j/collect?v=1&_v=j102&a=1750142138&t=pageview&_s=1&dl=https%3A%2F%2Fsilkgoddess.in%2Fproducts.json%3Flimit%3D250&ul=en-us&dt=This%20Page%20Does%20Not%20Exist&sr=1280x720&vp=1280x720&_u=IEBAAEABAAAAACAAI~&jid=933762317&gjid=1116666650&cid=1751739277.1786228827&tid=UA-26575989-46&_gid=862183889.1786228827&_r=1&_slc=1&z=1764758232 → 200 (355ms, 464B)
[2026-08-08T22:40:28.266Z] POST https://analytics.google.com/g/collect?v=2&tid=G-9Q6H0QETRF&gtm=45je6852v9125959112za20g&_p=1786228827746&_gaz=1&gcd=13l3l3l3l2l1&npa=0&dma=0&_eu=ABAIAGA&are=1&cid=1751739277.1786228827&frm=0&pscdl=noapi&rcb=6&sr=1280x720&uaa=x86&uab=64&uafvl=Not%253AA-Brand%3B99.0.0.0%7CHeadlessChrome%3B145.0.7632.6%7CChromium%3B145.0.7632.6&uam=&uamb=0&uap=Windows&uapv=19.0.0&uaw=0&ul=en-us&gaf=2&_s=1&tag_exp=115938465~115938468~118897920~118897930~119367802~119367810~119527019~119896803~120385422&dl=https%3A%2F%2Fsilkgoddess.in%2Fproducts.json%3Flimit%3D250&dt=This%20Page%20Does%20Not%20Exist&sid=1786228828&sct=1&seg=0&en=page_view&_fv=1&_ss=1&_ee=1&tfd=6149 → pending (?ms, ?B)
[2026-08-08T22:40:28.268Z] POST https://stats.g.doubleclick.net/g/collect?v=2&tid=G-9Q6H0QETRF&cid=1751739277.1786228827&gtm=45je6852v9125959112za20g&rcb=6&aip=1&dma=0&gcd=13l3l3l3l2l1&npa=0&frm=0&tag_exp=115938465~115938468~118897920~118897930~119367802~119367810~119527019~119896803~120385422 → pending (?ms, ?B)
[2026-08-08T22:40:55.414Z] GET https://thesilkessence.com/products.json?limit=250 → pending (?ms, ?B)
[2026-08-08T22:40:59.351Z] GET https://thesilkessence.com/wp-content/litespeed/css/23ac24af5cb440ae376e56560bbd34ca.css?ver=18a3d → 200 (630ms, ?B)
[2026-08-08T22:40:59.632Z] GET https://maxcdn.bootstrapcdn.com/font-awesome/4.7.0/css/font-awesome.min.css?ver=7.0.3 → 200 (327ms, 7179B)
[2026-08-08T22:40:59.632Z] GET https://cdn.jsdelivr.net/npm/slick-carousel@1.8.1/slick/slick.css?ver=7.0.3 → pending (?ms, ?B)
[2026-08-08T22:41:00.600Z] GET https://thesilkessence.com/wp-content/plugins/feeds-for-youtube/css/sb-youtube-common.min.css → 200 (514ms, 10917B)
[2026-08-08T22:41:01.277Z] GET https://thesilkessence.com/wp-content/uploads/elementor/google-fonts/fonts/dmsans-rp2yp2ywxg089urii5-g4vlh9vod8cmcqbu0-k4.woff2 → 200 (859ms, 37361B)
[2026-08-08T22:41:01.277Z] GET https://thesilkessence.com/wp-content/plugins/elementor/assets/lib/eicons/fonts/eicons.woff2?5.53.0 → 200 (921ms, 108528B)
[2026-08-08T22:41:01.277Z] GET https://thesilkessence.com/wp-content/uploads/elementor/google-fonts/fonts/dmsans-rp2yp2ywxg089urii5-g4vlh9vod8cmcqbu6-k6h9q.woff2 → 200 (587ms, 18635B)
[2026-08-08T22:41:01.277Z] GET https://thesilkessence.com/wp-content/uploads/elementor/google-fonts/fonts/dmsans-rp2wp2ywxg089uriczasexd86j3t9jz86mvyyky58q.woff2 → 200 (742ms, 40085B)
[2026-08-08T22:41:01.294Z] POST https://thesilkessence.com/wp-content/plugins/litespeed-cache/guest.vary.php → 200 (755ms, 338B)
[2026-08-08T22:41:02.220Z] GET https://thesilkessence.com/wp-content/uploads/2025/07/Silk-Essence-Logo-cropped.svg → pending (?ms, ?B)
[2026-08-08T22:41:27.161Z] GET https://silkyhairindia.com/products.json?limit=250 → pending (?ms, ?B)
